2026-06-05 22:53:09,344 - __main__ - INFO - Starting server on localhost:7749
2026-06-05 22:53:31,056 - root - INFO - 127.0.0.1 - "GET /status HTTP/1.1" 200 -
2026-06-05 22:57:48,466 - root - INFO - 127.0.0.1 - "GET /queue/all HTTP/1.1" 200 -
2026-06-05 22:58:21,881 - root - INFO - 127.0.0.1 - "GET /status HTTP/1.1" 200 -
2026-06-05 22:58:24,744 - imessage_scraper_v2 - INFO - Fetching messages from chat 7690
2026-06-05 22:58:24,827 - imessage_scraper_v2 - INFO - Found 706 messages
2026-06-05 22:58:24,829 - imessage_scraper_v2 - INFO - Found vehicle 165911: 97480 mi, Okay 60/100, tires 8.0/10.0, 19 photos
2026-06-05 22:58:31,102 - imessage_scraper_v2 - INFO - Added vehicle 165911 to queue
2026-06-05 22:58:31,102 - imessage_scraper_v2 - INFO - Found vehicle 151897: 89714 mi, Good, tires 8.0/10.0, 26 photos
2026-06-05 22:58:38,166 - imessage_scraper_v2 - INFO - Added vehicle 151897 to queue
2026-06-05 22:58:38,167 - imessage_scraper_v2 - INFO - Found vehicle 195953: 91161 mi, Okay 2 front pad, tires 8.0/10.0, 27 photos
2026-06-05 22:58:45,307 - imessage_scraper_v2 - INFO - Added vehicle 195953 to queue
2026-06-05 22:58:45,307 - imessage_scraper_v2 - INFO - Found vehicle 264501: 108677 mi, Good, tires 9.0/10.0, 26 photos
2026-06-05 22:58:52,476 - imessage_scraper_v2 - INFO - Added vehicle 264501 to queue
2026-06-05 22:58:52,477 - imessage_scraper_v2 - INFO - Found vehicle 432827: 96298 mi, Good, tires 7.5/10.0, 29 photos
2026-06-05 22:59:00,432 - imessage_scraper_v2 - INFO - Added vehicle 432827 to queue
2026-06-05 22:59:00,433 - imessage_scraper_v2 - INFO - Found vehicle 155578: 87752 mi, Need tire, tires 8.0/10.0, 25 photos
2026-06-05 22:59:07,102 - imessage_scraper_v2 - INFO - Added vehicle 155578 to queue
2026-06-05 22:59:07,102 - imessage_scraper_v2 - INFO - Found vehicle 601059: 71976 mi, Good, tires 9.0/10.0, 27 photos
2026-06-05 22:59:14,220 - imessage_scraper_v2 - INFO - Added vehicle 601059 to queue
2026-06-05 22:59:14,221 - imessage_scraper_v2 - INFO - Found vehicle 187368: 112068 mi, Good, tires 9.0/10.0, 21 photos
2026-06-05 22:59:16,362 - imessage_scraper_v2 - WARNING - Photo not available locally: IMG_8626.heic
2026-06-05 22:59:16,636 - imessage_scraper_v2 - WARNING - Photo not available locally: IMG_8630.heic
2026-06-05 22:59:16,636 - imessage_scraper_v2 - WARNING - Photo not available locally: IMG_8631.heic
2026-06-05 22:59:16,637 - imessage_scraper_v2 - WARNING - Photo not available locally: IMG_8632.heic
2026-06-05 22:59:16,637 - imessage_scraper_v2 - WARNING - Photo not available locally: IMG_8633.heic
2026-06-05 22:59:18,026 - imessage_scraper_v2 - INFO - Added vehicle 187368 to queue
2026-06-05 22:59:18,026 - imessage_scraper_v2 - INFO - Found vehicle 195072: 13146 mi, Good, tires 9.0/10.0, 23 photos
2026-06-05 22:59:24,181 - imessage_scraper_v2 - INFO - Added vehicle 195072 to queue
2026-06-05 22:59:24,182 - imessage_scraper_v2 - INFO - Found vehicle 108730: 137329 mi, Good, tires 8.0/10.0, 40 photos
2026-06-05 22:59:35,300 - imessage_scraper_v2 - INFO - Added vehicle 108730 to queue
2026-06-05 22:59:35,301 - imessage_scraper_v2 - INFO - Found vehicle 528287: 157739 mi, Good, tires 7.5/10.0, 29 photos
2026-06-05 22:59:43,319 - imessage_scraper_v2 - INFO - Added vehicle 528287 to queue
2026-06-05 22:59:43,320 - imessage_scraper_v2 - INFO - Found vehicle 175186: 100960 mi, Good, tires 8.0/10.0, 28 photos
2026-06-05 22:59:50,951 - imessage_scraper_v2 - INFO - Added vehicle 175186 to queue
2026-06-05 22:59:50,952 - imessage_scraper_v2 - INFO - Found vehicle B17330: 83342 mi, Good, tires 9.0/10.0, 26 photos
2026-06-05 22:59:58,194 - imessage_scraper_v2 - INFO - Added vehicle B17330 to queue
2026-06-05 22:59:58,195 - imessage_scraper_v2 - INFO - Found vehicle 238228: 150356 mi, Good, tires 8.0/10.0, 30 photos
2026-06-05 23:00:06,568 - imessage_scraper_v2 - INFO - Added vehicle 238228 to queue
2026-06-05 23:00:06,569 - imessage_scraper_v2 - INFO - Found vehicle 662599: 123802 mi, Good, tires 8.0/10.0, 30 photos
2026-06-05 23:00:14,808 - imessage_scraper_v2 - INFO - Added vehicle 662599 to queue
2026-06-05 23:00:14,809 - imessage_scraper_v2 - INFO - Found vehicle 242007: 129860 mi, Okay, tires 8.0/10.0, 27 photos
2026-06-05 23:00:23,047 - imessage_scraper_v2 - INFO - Added vehicle 242007 to queue
2026-06-05 23:00:23,048 - imessage_scraper_v2 - INFO - Found vehicle 266707: 91435 mi, Okay, tires 7.0/10.0, 46 photos
2026-06-05 23:00:35,299 - imessage_scraper_v2 - INFO - Added vehicle 266707 to queue
2026-06-05 23:00:35,299 - imessage_scraper_v2 - INFO - Found vehicle 295867: 107986 mi, Good, tires 8.0/10.0, 30 photos
2026-06-05 23:00:43,186 - imessage_scraper_v2 - INFO - Added vehicle 295867 to queue
2026-06-05 23:00:43,187 - imessage_scraper_v2 - INFO - Found vehicle 253070: 105465 mi, Good, tires 9.0/10.0, 23 photos
2026-06-05 23:00:50,757 - imessage_scraper_v2 - INFO - Added vehicle 253070 to queue
2026-06-05 23:00:50,757 - imessage_scraper_v2 - INFO - Found vehicle 837552: 108256 mi, Good, tires 8.0/10.0, 31 photos
2026-06-05 23:00:59,229 - imessage_scraper_v2 - INFO - Added vehicle 837552 to queue
2026-06-05 23:00:59,229 - imessage_scraper_v2 - INFO - Found vehicle 288811: 122155 mi, Good, tires 8.0/10.0, 24 photos
2026-06-05 23:01:05,979 - imessage_scraper_v2 - INFO - Added vehicle 288811 to queue
2026-06-05 23:01:05,979 - imessage_scraper_v2 - INFO - Found vehicle 746992: 5797 mi, Good, tires 9.0/10.0, 25 photos
2026-06-05 23:01:12,931 - imessage_scraper_v2 - INFO - Added vehicle 746992 to queue
2026-06-05 23:01:12,932 - imessage_scraper_v2 - INFO - Found vehicle 513493: 133599 mi, Good, tires 7.5/10.0, 30 photos
2026-06-05 23:01:20,972 - imessage_scraper_v2 - INFO - Added vehicle 513493 to queue
2026-06-05 23:01:20,973 - imessage_scraper_v2 - INFO - Found vehicle 040637: 70833 mi, Good, tires 8.0/10.0, 26 photos
2026-06-05 23:01:27,996 - imessage_scraper_v2 - INFO - Added vehicle 040637 to queue
2026-06-05 23:01:27,996 - imessage_scraper_v2 - INFO - Found vehicle A84660: 83147 mi, Good, tires 8.0/10.0, 23 photos
